nohup: ignoring input
Adversarial Training FBF - Epochs:   0%|          | 0/1 [00:00<?, ?it/s]Adversarial Training FBF - Epochs: 100%|██████████| 1/1 [01:09<00:00, 69.88s/it]Adversarial Training FBF - Epochs: 100%|██████████| 1/1 [01:09<00:00, 69.88s/it]
PGD - Batches:   0%|          | 0/313 [00:00<?, ?it/s]PGD - Batches:   0%|          | 1/313 [00:05<29:04,  5.59s/it]PGD - Batches:   1%|          | 2/313 [00:10<28:26,  5.49s/it]PGD - Batches:   1%|          | 3/313 [00:16<27:58,  5.42s/it]PGD - Batches:   1%|▏         | 4/313 [00:21<27:20,  5.31s/it]PGD - Batches:   2%|▏         | 5/313 [00:26<26:57,  5.25s/it]PGD - Batches:   2%|▏         | 6/313 [00:31<26:39,  5.21s/it]PGD - Batches:   2%|▏         | 7/313 [00:36<26:20,  5.17s/it]PGD - Batches:   3%|▎         | 8/313 [00:41<26:26,  5.20s/it]PGD - Batches:   3%|▎         | 9/313 [00:46<26:08,  5.16s/it]PGD - Batches:   3%|▎         | 10/313 [00:51<26:02,  5.16s/it]PGD - Batches:   4%|▎         | 11/313 [00:56<25:32,  5.07s/it]PGD - Batches:   4%|▍         | 12/313 [01:01<25:32,  5.09s/it]PGD - Batches:   4%|▍         | 13/313 [01:06<25:10,  5.04s/it]PGD - Batches:   4%|▍         | 14/313 [01:11<25:06,  5.04s/it]PGD - Batches:   5%|▍         | 15/313 [01:17<25:16,  5.09s/it]PGD - Batches:   5%|▌         | 16/313 [01:22<25:04,  5.06s/it]PGD - Batches:   5%|▌         | 17/313 [01:27<25:09,  5.10s/it]PGD - Batches:   6%|▌         | 18/313 [01:32<25:00,  5.09s/it]PGD - Batches:   6%|▌         | 19/313 [01:37<24:45,  5.05s/it]PGD - Batches:   6%|▋         | 20/313 [01:42<24:45,  5.07s/it]PGD - Batches:   7%|▋         | 21/313 [01:47<24:27,  5.03s/it]PGD - Batches:   7%|▋         | 22/313 [01:52<24:20,  5.02s/it]PGD - Batches:   7%|▋         | 23/313 [01:57<24:04,  4.98s/it]PGD - Batches:   8%|▊         | 24/313 [02:02<24:03,  4.99s/it]PGD - Batches:   8%|▊         | 25/313 [02:07<24:01,  5.01s/it]PGD - Batches:   8%|▊         | 26/313 [02:12<23:56,  5.01s/it]PGD - Batches:   9%|▊         | 27/313 [02:17<23:57,  5.03s/it]PGD - Batches:   9%|▉         | 28/313 [02:22<23:59,  5.05s/it]PGD - Batches:   9%|▉         | 29/313 [02:27<23:46,  5.02s/it]PGD - Batches:  10%|▉         | 30/313 [02:32<23:46,  5.04s/it]PGD - Batches:  10%|▉         | 31/313 [02:37<23:45,  5.05s/it]PGD - Batches:  10%|█         | 32/313 [02:42<23:44,  5.07s/it]PGD - Batches:  11%|█         | 33/313 [02:47<23:43,  5.08s/it]PGD - Batches:  11%|█         | 34/313 [02:52<23:31,  5.06s/it]PGD - Batches:  11%|█         | 35/313 [02:57<23:18,  5.03s/it]PGD - Batches:  12%|█▏        | 36/313 [03:02<23:19,  5.05s/it]PGD - Batches:  12%|█▏        | 37/313 [03:08<23:18,  5.07s/it]PGD - Batches:  12%|█▏        | 38/313 [03:13<23:58,  5.23s/it]PGD - Batches:  12%|█▏        | 39/313 [03:19<24:17,  5.32s/it]PGD - Batches:  13%|█▎        | 40/313 [03:24<23:45,  5.22s/it]PGD - Batches:  13%|█▎        | 41/313 [03:29<23:38,  5.22s/it]PGD - Batches:  13%|█▎        | 42/313 [03:34<23:16,  5.15s/it]PGD - Batches:  14%|█▎        | 43/313 [03:39<23:04,  5.13s/it]PGD - Batches:  14%|█▍        | 44/313 [03:44<22:53,  5.11s/it]PGD - Batches:  14%|█▍        | 45/313 [03:49<22:56,  5.14s/it]PGD - Batches:  15%|█▍        | 46/313 [03:54<22:39,  5.09s/it]PGD - Batches:  15%|█▌        | 47/313 [03:59<22:19,  5.04s/it]PGD - Batches:  15%|█▌        | 48/313 [04:04<22:12,  5.03s/it]PGD - Batches:  16%|█▌        | 49/313 [04:09<22:02,  5.01s/it]PGD - Batches:  16%|█▌        | 50/313 [04:14<21:57,  5.01s/it]PGD - Batches:  16%|█▋        | 51/313 [04:19<21:59,  5.04s/it]PGD - Batches:  17%|█▋        | 52/313 [04:25<22:25,  5.16s/it]PGD - Batches:  17%|█▋        | 53/313 [04:30<22:55,  5.29s/it]PGD - Batches:  17%|█▋        | 54/313 [04:36<23:14,  5.38s/it]PGD - Batches:  18%|█▊        | 55/313 [04:41<23:05,  5.37s/it]PGD - Batches:  18%|█▊        | 56/313 [04:46<22:31,  5.26s/it]PGD - Batches:  18%|█▊        | 57/313 [04:51<21:57,  5.15s/it]PGD - Batches:  19%|█▊        | 58/313 [04:56<21:50,  5.14s/it]PGD - Batches:  19%|█▉        | 59/313 [05:01<21:37,  5.11s/it]PGD - Batches:  19%|█▉        | 60/313 [05:06<21:28,  5.09s/it]PGD - Batches:  19%|█▉        | 61/313 [05:11<21:23,  5.09s/it]PGD - Batches:  20%|█▉        | 62/313 [05:16<21:20,  5.10s/it]PGD - Batches:  20%|██        | 63/313 [05:21<21:09,  5.08s/it]PGD - Batches:  20%|██        | 64/313 [05:26<20:59,  5.06s/it]PGD - Batches:  21%|██        | 65/313 [05:32<20:51,  5.05s/it]PGD - Batches:  21%|██        | 66/313 [05:37<20:44,  5.04s/it]PGD - Batches:  21%|██▏       | 67/313 [05:41<20:31,  5.01s/it]PGD - Batches:  22%|██▏       | 68/313 [05:46<20:22,  4.99s/it]PGD - Batches:  22%|██▏       | 69/313 [05:51<20:14,  4.98s/it]PGD - Batches:  22%|██▏       | 70/313 [05:56<20:14,  5.00s/it]PGD - Batches:  23%|██▎       | 71/313 [06:02<20:16,  5.03s/it]PGD - Batches:  23%|██▎       | 72/313 [06:07<20:17,  5.05s/it]PGD - Batches:  23%|██▎       | 73/313 [06:12<20:03,  5.02s/it]PGD - Batches:  24%|██▎       | 74/313 [06:17<19:54,  5.00s/it]PGD - Batches:  24%|██▍       | 75/313 [06:21<19:38,  4.95s/it]PGD - Batches:  24%|██▍       | 76/313 [06:26<19:36,  4.96s/it]PGD - Batches:  25%|██▍       | 77/313 [06:31<19:32,  4.97s/it]PGD - Batches:  25%|██▍       | 78/313 [06:36<19:21,  4.94s/it]PGD - Batches:  25%|██▌       | 79/313 [06:41<19:22,  4.97s/it]PGD - Batches:  26%|██▌       | 80/313 [06:46<19:24,  5.00s/it]PGD - Batches:  26%|██▌       | 81/313 [06:51<19:20,  5.00s/it]PGD - Batches:  26%|██▌       | 82/313 [06:56<19:13,  4.99s/it]PGD - Batches:  27%|██▋       | 83/313 [07:01<19:09,  5.00s/it]PGD - Batches:  27%|██▋       | 84/313 [07:06<19:03,  4.99s/it]PGD - Batches:  27%|██▋       | 85/313 [07:11<18:53,  4.97s/it]PGD - Batches:  27%|██▋       | 86/313 [07:16<18:58,  5.01s/it]PGD - Batches:  28%|██▊       | 87/313 [07:21<18:47,  4.99s/it]PGD - Batches:  28%|██▊       | 88/313 [07:26<18:40,  4.98s/it]PGD - Batches:  28%|██▊       | 89/313 [07:31<18:33,  4.97s/it]PGD - Batches:  29%|██▉       | 90/313 [07:36<18:29,  4.97s/it]PGD - Batches:  29%|██▉       | 91/313 [07:41<18:31,  5.01s/it]PGD - Batches:  29%|██▉       | 92/313 [07:46<18:38,  5.06s/it]PGD - Batches:  30%|██▉       | 93/313 [07:51<18:27,  5.03s/it]PGD - Batches:  30%|███       | 94/313 [07:56<18:11,  4.98s/it]PGD - Batches:  30%|███       | 95/313 [08:01<18:15,  5.03s/it]PGD - Batches:  31%|███       | 96/313 [08:06<18:08,  5.01s/it]PGD - Batches:  31%|███       | 97/313 [08:12<18:24,  5.11s/it]PGD - Batches:  31%|███▏      | 98/313 [08:17<18:48,  5.25s/it]PGD - Batches:  32%|███▏      | 99/313 [08:23<18:56,  5.31s/it]PGD - Batches:  32%|███▏      | 100/313 [08:28<18:32,  5.22s/it]PGD - Batches:  32%|███▏      | 101/313 [08:33<18:22,  5.20s/it]PGD - Batches:  33%|███▎      | 102/313 [08:38<18:07,  5.15s/it]PGD - Batches:  33%|███▎      | 103/313 [08:43<18:10,  5.19s/it]PGD - Batches:  33%|███▎      | 104/313 [08:48<17:51,  5.12s/it]PGD - Batches:  34%|███▎      | 105/313 [08:53<17:44,  5.12s/it]PGD - Batches:  34%|███▍      | 106/313 [08:58<17:37,  5.11s/it]PGD - Batches:  34%|███▍      | 107/313 [09:03<17:30,  5.10s/it]PGD - Batches:  35%|███▍      | 108/313 [09:08<17:21,  5.08s/it]PGD - Batches:  35%|███▍      | 109/313 [09:14<17:30,  5.15s/it]PGD - Batches:  35%|███▌      | 110/313 [09:19<17:26,  5.16s/it]PGD - Batches:  35%|███▌      | 111/313 [09:24<17:08,  5.09s/it]PGD - Batches:  36%|███▌      | 112/313 [09:29<16:57,  5.06s/it]PGD - Batches:  36%|███▌      | 113/313 [09:34<16:44,  5.02s/it]PGD - Batches:  36%|███▋      | 114/313 [09:39<16:49,  5.07s/it]PGD - Batches:  37%|███▋      | 115/313 [09:44<16:53,  5.12s/it]PGD - Batches:  37%|███▋      | 116/313 [09:49<16:56,  5.16s/it]PGD - Batches:  37%|███▋      | 117/313 [09:55<16:47,  5.14s/it]PGD - Batches:  38%|███▊      | 118/313 [10:00<16:38,  5.12s/it]PGD - Batches:  38%|███▊      | 119/313 [10:05<16:30,  5.11s/it]PGD - Batches:  38%|███▊      | 120/313 [10:10<16:19,  5.08s/it]PGD - Batches:  39%|███▊      | 121/313 [10:15<16:15,  5.08s/it]PGD - Batches:  39%|███▉      | 122/313 [10:20<16:04,  5.05s/it]PGD - Batches:  39%|███▉      | 123/313 [10:25<15:49,  5.00s/it]PGD - Batches:  40%|███▉      | 124/313 [10:30<15:55,  5.06s/it]PGD - Batches:  40%|███▉      | 125/313 [10:35<15:56,  5.09s/it]PGD - Batches:  40%|████      | 126/313 [10:40<15:42,  5.04s/it]PGD - Batches:  41%|████      | 127/313 [10:45<15:36,  5.03s/it]PGD - Batches:  41%|████      | 128/313 [10:50<15:24,  5.00s/it]PGD - Batches:  41%|████      | 129/313 [10:55<15:23,  5.02s/it]PGD - Batches:  42%|████▏     | 130/313 [11:00<15:24,  5.05s/it]PGD - Batches:  42%|████▏     | 131/313 [11:05<15:19,  5.05s/it]PGD - Batches:  42%|████▏     | 132/313 [11:10<15:13,  5.04s/it]PGD - Batches:  42%|████▏     | 133/313 [11:15<15:14,  5.08s/it]PGD - Batches:  43%|████▎     | 134/313 [11:20<15:09,  5.08s/it]PGD - Batches:  43%|████▎     | 135/313 [11:26<15:08,  5.10s/it]PGD - Batches:  43%|████▎     | 136/313 [11:31<15:06,  5.12s/it]PGD - Batches:  44%|████▍     | 137/313 [11:36<14:59,  5.11s/it]PGD - Batches:  44%|████▍     | 138/313 [11:41<14:57,  5.13s/it]PGD - Batches:  44%|████▍     | 139/313 [11:46<14:50,  5.12s/it]PGD - Batches:  45%|████▍     | 140/313 [11:51<14:34,  5.05s/it]PGD - Batches:  45%|████▌     | 141/313 [11:56<14:35,  5.09s/it]PGD - Batches:  45%|████▌     | 142/313 [12:01<14:31,  5.10s/it]PGD - Batches:  46%|████▌     | 143/313 [12:06<14:22,  5.08s/it]PGD - Batches:  46%|████▌     | 144/313 [12:11<14:17,  5.07s/it]PGD - Batches:  46%|████▋     | 145/313 [12:17<14:20,  5.12s/it]PGD - Batches:  47%|████▋     | 146/313 [12:22<14:09,  5.09s/it]PGD - Batches:  47%|████▋     | 147/313 [12:27<13:56,  5.04s/it]PGD - Batches:  47%|████▋     | 148/313 [12:32<13:50,  5.03s/it]PGD - Batches:  48%|████▊     | 149/313 [12:37<13:48,  5.05s/it]PGD - Batches:  48%|████▊     | 150/313 [12:42<13:45,  5.07s/it]PGD - Batches:  48%|████▊     | 151/313 [12:47<13:40,  5.06s/it]PGD - Batches:  49%|████▊     | 152/313 [12:52<13:28,  5.02s/it]PGD - Batches:  49%|████▉     | 153/313 [12:57<13:28,  5.05s/it]PGD - Batches:  49%|████▉     | 154/313 [13:02<13:22,  5.05s/it]PGD - Batches:  50%|████▉     | 155/313 [13:07<13:12,  5.02s/it]PGD - Batches:  50%|████▉     | 156/313 [13:12<13:07,  5.02s/it]PGD - Batches:  50%|█████     | 157/313 [13:17<13:02,  5.02s/it]PGD - Batches:  50%|█████     | 158/313 [13:22<13:03,  5.06s/it]PGD - Batches:  51%|█████     | 159/313 [13:28<13:25,  5.23s/it]PGD - Batches:  51%|█████     | 160/313 [13:33<13:29,  5.29s/it]PGD - Batches:  51%|█████▏    | 161/313 [13:38<13:18,  5.26s/it]PGD - Batches:  52%|█████▏    | 162/313 [13:44<13:14,  5.26s/it]PGD - Batches:  52%|█████▏    | 163/313 [13:49<13:09,  5.26s/it]PGD - Batches:  52%|█████▏    | 164/313 [13:54<12:56,  5.21s/it]PGD - Batches:  53%|█████▎    | 165/313 [13:59<12:42,  5.15s/it]PGD - Batches:  53%|█████▎    | 166/313 [14:04<12:27,  5.09s/it]PGD - Batches:  53%|█████▎    | 167/313 [14:09<12:19,  5.07s/it]PGD - Batches:  54%|█████▎    | 168/313 [14:14<12:18,  5.10s/it]PGD - Batches:  54%|█████▍    | 169/313 [14:19<12:15,  5.11s/it]PGD - Batches:  54%|█████▍    | 170/313 [14:25<12:19,  5.17s/it]PGD - Batches:  55%|█████▍    | 171/313 [14:30<12:13,  5.17s/it]PGD - Batches:  55%|█████▍    | 172/313 [14:35<12:04,  5.14s/it]PGD - Batches:  55%|█████▌    | 173/313 [14:40<11:51,  5.08s/it]PGD - Batches:  56%|█████▌    | 174/313 [14:45<11:56,  5.15s/it]PGD - Batches:  56%|█████▌    | 175/313 [14:50<11:57,  5.20s/it]PGD - Batches:  56%|█████▌    | 176/313 [14:55<11:42,  5.13s/it]PGD - Batches:  57%|█████▋    | 177/313 [15:00<11:37,  5.13s/it]PGD - Batches:  57%|█████▋    | 178/313 [15:05<11:24,  5.07s/it]PGD - Batches:  57%|█████▋    | 179/313 [15:10<11:16,  5.05s/it]PGD - Batches:  58%|█████▊    | 180/313 [15:15<11:13,  5.06s/it]PGD - Batches:  58%|█████▊    | 181/313 [15:20<11:06,  5.05s/it]PGD - Batches:  58%|█████▊    | 182/313 [15:25<10:58,  5.02s/it]PGD - Batches:  58%|█████▊    | 183/313 [15:30<10:53,  5.03s/it]PGD - Batches:  59%|█████▉    | 184/313 [15:36<10:55,  5.08s/it]PGD - Batches:  59%|█████▉    | 185/313 [15:41<10:49,  5.08s/it]PGD - Batches:  59%|█████▉    | 186/313 [15:46<10:45,  5.08s/it]PGD - Batches:  60%|█████▉    | 187/313 [15:51<10:38,  5.07s/it]PGD - Batches:  60%|██████    | 188/313 [15:56<10:32,  5.06s/it]PGD - Batches:  60%|██████    | 189/313 [16:01<10:29,  5.08s/it]PGD - Batches:  61%|██████    | 190/313 [16:06<10:19,  5.03s/it]PGD - Batches:  61%|██████    | 191/313 [16:11<10:11,  5.02s/it]PGD - Batches:  61%|██████▏   | 192/313 [16:16<10:11,  5.05s/it]PGD - Batches:  62%|██████▏   | 193/313 [16:21<10:02,  5.02s/it]PGD - Batches:  62%|██████▏   | 194/313 [16:26<10:04,  5.08s/it]PGD - Batches:  62%|██████▏   | 195/313 [16:31<09:59,  5.08s/it]PGD - Batches:  63%|██████▎   | 196/313 [16:36<09:47,  5.03s/it]PGD - Batches:  63%|██████▎   | 197/313 [16:41<09:47,  5.06s/it]PGD - Batches:  63%|██████▎   | 198/313 [16:47<09:48,  5.12s/it]PGD - Batches:  64%|██████▎   | 199/313 [16:52<09:42,  5.11s/it]PGD - Batches:  64%|██████▍   | 200/313 [16:57<09:38,  5.12s/it]PGD - Batches:  64%|██████▍   | 201/313 [17:02<09:32,  5.12s/it]PGD - Batches:  65%|██████▍   | 202/313 [17:07<09:22,  5.07s/it]PGD - Batches:  65%|██████▍   | 203/313 [17:12<09:14,  5.04s/it]PGD - Batches:  65%|██████▌   | 204/313 [17:17<09:10,  5.05s/it]PGD - Batches:  65%|██████▌   | 205/313 [17:22<09:01,  5.02s/it]PGD - Batches:  66%|██████▌   | 206/313 [17:27<08:54,  5.00s/it]PGD - Batches:  66%|██████▌   | 207/313 [17:32<08:54,  5.04s/it]PGD - Batches:  66%|██████▋   | 208/313 [17:37<08:47,  5.02s/it]PGD - Batches:  67%|██████▋   | 209/313 [17:42<08:49,  5.09s/it]PGD - Batches:  67%|██████▋   | 210/313 [17:47<08:41,  5.06s/it]PGD - Batches:  67%|██████▋   | 211/313 [17:52<08:34,  5.04s/it]PGD - Batches:  68%|██████▊   | 212/313 [17:57<08:29,  5.05s/it]PGD - Batches:  68%|██████▊   | 213/313 [18:02<08:29,  5.10s/it]PGD - Batches:  68%|██████▊   | 214/313 [18:08<08:23,  5.09s/it]PGD - Batches:  69%|██████▊   | 215/313 [18:13<08:19,  5.10s/it]PGD - Batches:  69%|██████▉   | 216/313 [18:18<08:12,  5.08s/it]PGD - Batches:  69%|██████▉   | 217/313 [18:23<08:09,  5.10s/it]PGD - Batches:  70%|██████▉   | 218/313 [18:28<08:05,  5.11s/it]PGD - Batches:  70%|██████▉   | 219/313 [18:33<08:03,  5.14s/it]PGD - Batches:  70%|███████   | 220/313 [18:38<07:56,  5.12s/it]PGD - Batches:  71%|███████   | 221/313 [18:43<07:49,  5.10s/it]PGD - Batches:  71%|███████   | 222/313 [18:49<07:46,  5.12s/it]PGD - Batches:  71%|███████   | 223/313 [18:54<07:38,  5.10s/it]PGD - Batches:  72%|███████▏  | 224/313 [18:59<07:35,  5.12s/it]PGD - Batches:  72%|███████▏  | 225/313 [19:04<07:25,  5.06s/it]PGD - Batches:  72%|███████▏  | 226/313 [19:09<07:18,  5.04s/it]PGD - Batches:  73%|███████▎  | 227/313 [19:14<07:12,  5.03s/it]PGD - Batches:  73%|███████▎  | 228/313 [19:19<07:11,  5.07s/it]PGD - Batches:  73%|███████▎  | 229/313 [19:24<07:03,  5.04s/it]PGD - Batches:  73%|███████▎  | 230/313 [19:29<06:58,  5.04s/it]PGD - Batches:  74%|███████▍  | 231/313 [19:34<06:53,  5.04s/it]PGD - Batches:  74%|███████▍  | 232/313 [19:39<06:43,  4.99s/it]PGD - Batches:  74%|███████▍  | 233/313 [19:44<06:41,  5.02s/it]PGD - Batches:  75%|███████▍  | 234/313 [19:49<06:37,  5.03s/it]PGD - Batches:  75%|███████▌  | 235/313 [19:54<06:32,  5.03s/it]PGD - Batches:  75%|███████▌  | 236/313 [19:59<06:29,  5.06s/it]PGD - Batches:  76%|███████▌  | 237/313 [20:04<06:23,  5.04s/it]PGD - Batches:  76%|███████▌  | 238/313 [20:09<06:18,  5.05s/it]PGD - Batches:  76%|███████▋  | 239/313 [20:14<06:11,  5.02s/it]PGD - Batches:  77%|███████▋  | 240/313 [20:19<06:08,  5.04s/it]PGD - Batches:  77%|███████▋  | 241/313 [20:24<06:02,  5.03s/it]PGD - Batches:  77%|███████▋  | 242/313 [20:29<05:56,  5.02s/it]PGD - Batches:  78%|███████▊  | 243/313 [20:34<05:55,  5.07s/it]PGD - Batches:  78%|███████▊  | 244/313 [20:39<05:47,  5.04s/it]PGD - Batches:  78%|███████▊  | 245/313 [20:44<05:42,  5.04s/it]PGD - Batches:  79%|███████▊  | 246/313 [20:49<05:35,  5.01s/it]PGD - Batches:  79%|███████▉  | 247/313 [20:54<05:32,  5.04s/it]PGD - Batches:  79%|███████▉  | 248/313 [21:00<05:29,  5.08s/it]PGD - Batches:  80%|███████▉  | 249/313 [21:05<05:24,  5.08s/it]PGD - Batches:  80%|███████▉  | 250/313 [21:10<05:20,  5.09s/it]PGD - Batches:  80%|████████  | 251/313 [21:15<05:15,  5.09s/it]PGD - Batches:  81%|████████  | 252/313 [21:20<05:07,  5.05s/it]PGD - Batches:  81%|████████  | 253/313 [21:25<05:01,  5.03s/it]PGD - Batches:  81%|████████  | 254/313 [21:30<04:56,  5.03s/it]PGD - Batches:  81%|████████▏ | 255/313 [21:35<04:53,  5.06s/it]PGD - Batches:  82%|████████▏ | 256/313 [21:40<04:53,  5.15s/it]PGD - Batches:  82%|████████▏ | 257/313 [21:45<04:46,  5.12s/it]PGD - Batches:  82%|████████▏ | 258/313 [21:50<04:38,  5.07s/it]PGD - Batches:  83%|████████▎ | 259/313 [21:55<04:31,  5.04s/it]PGD - Batches:  83%|████████▎ | 260/313 [22:00<04:26,  5.02s/it]PGD - Batches:  83%|████████▎ | 261/313 [22:05<04:21,  5.03s/it]PGD - Batches:  84%|████████▎ | 262/313 [22:10<04:17,  5.05s/it]PGD - Batches:  84%|████████▍ | 263/313 [22:15<04:10,  5.00s/it]PGD - Batches:  84%|████████▍ | 264/313 [22:20<04:05,  5.00s/it]PGD - Batches:  85%|████████▍ | 265/313 [22:25<03:58,  4.96s/it]PGD - Batches:  85%|████████▍ | 266/313 [22:30<03:53,  4.97s/it]PGD - Batches:  85%|████████▌ | 267/313 [22:35<03:48,  4.97s/it]PGD - Batches:  86%|████████▌ | 268/313 [22:40<03:43,  4.96s/it]PGD - Batches:  86%|████████▌ | 269/313 [22:45<03:39,  4.98s/it]PGD - Batches:  86%|████████▋ | 270/313 [22:50<03:35,  5.02s/it]PGD - Batches:  87%|████████▋ | 271/313 [22:55<03:31,  5.03s/it]PGD - Batches:  87%|████████▋ | 272/313 [23:00<03:27,  5.05s/it]PGD - Batches:  87%|████████▋ | 273/313 [23:05<03:21,  5.03s/it]PGD - Batches:  88%|████████▊ | 274/313 [23:10<03:17,  5.06s/it]PGD - Batches:  88%|████████▊ | 275/313 [23:16<03:13,  5.08s/it]PGD - Batches:  88%|████████▊ | 276/313 [23:21<03:07,  5.06s/it]PGD - Batches:  88%|████████▊ | 277/313 [23:26<03:01,  5.03s/it]PGD - Batches:  89%|████████▉ | 278/313 [23:31<02:57,  5.07s/it]PGD - Batches:  89%|████████▉ | 279/313 [23:36<02:53,  5.09s/it]PGD - Batches:  89%|████████▉ | 280/313 [23:41<02:46,  5.05s/it]PGD - Batches:  90%|████████▉ | 281/313 [23:46<02:40,  5.02s/it]PGD - Batches:  90%|█████████ | 282/313 [23:51<02:34,  5.00s/it]PGD - Batches:  90%|█████████ | 283/313 [23:56<02:30,  5.01s/it]PGD - Batches:  91%|█████████ | 284/313 [24:01<02:26,  5.05s/it]PGD - Batches:  91%|█████████ | 285/313 [24:06<02:25,  5.21s/it]PGD - Batches:  91%|█████████▏| 286/313 [24:12<02:19,  5.16s/it]PGD - Batches:  92%|█████████▏| 287/313 [24:16<02:12,  5.11s/it]PGD - Batches:  92%|█████████▏| 288/313 [24:21<02:06,  5.04s/it]PGD - Batches:  92%|█████████▏| 289/313 [24:26<01:59,  4.99s/it]PGD - Batches:  93%|█████████▎| 290/313 [24:31<01:55,  5.01s/it]PGD - Batches:  93%|█████████▎| 291/313 [24:36<01:50,  5.01s/it]PGD - Batches:  93%|█████████▎| 292/313 [24:41<01:45,  5.00s/it]PGD - Batches:  94%|█████████▎| 293/313 [24:46<01:39,  5.00s/it]PGD - Batches:  94%|█████████▍| 294/313 [24:51<01:34,  4.97s/it]PGD - Batches:  94%|█████████▍| 295/313 [24:56<01:29,  4.95s/it]PGD - Batches:  95%|█████████▍| 296/313 [25:01<01:23,  4.94s/it]PGD - Batches:  95%|█████████▍| 297/313 [25:06<01:19,  4.96s/it]PGD - Batches:  95%|█████████▌| 298/313 [25:11<01:14,  4.97s/it]PGD - Batches:  96%|█████████▌| 299/313 [25:16<01:09,  4.96s/it]PGD - Batches:  96%|█████████▌| 300/313 [25:21<01:04,  4.97s/it]PGD - Batches:  96%|█████████▌| 301/313 [25:26<01:00,  5.01s/it]PGD - Batches:  96%|█████████▋| 302/313 [25:31<00:55,  5.00s/it]PGD - Batches:  97%|█████████▋| 303/313 [25:36<00:50,  5.01s/it]PGD - Batches:  97%|█████████▋| 304/313 [25:41<00:44,  4.95s/it]PGD - Batches:  97%|█████████▋| 305/313 [25:46<00:39,  4.95s/it]PGD - Batches:  98%|█████████▊| 306/313 [25:51<00:34,  4.93s/it]PGD - Batches:  98%|█████████▊| 307/313 [25:56<00:29,  4.97s/it]PGD - Batches:  98%|█████████▊| 308/313 [26:01<00:24,  4.98s/it]PGD - Batches:  99%|█████████▊| 309/313 [26:06<00:20,  5.00s/it]PGD - Batches:  99%|█████████▉| 310/313 [26:11<00:15,  5.01s/it]PGD - Batches:  99%|█████████▉| 311/313 [26:16<00:09,  4.99s/it]PGD - Batches: 100%|█████████▉| 312/313 [26:21<00:04,  4.97s/it]PGD - Batches: 100%|██████████| 313/313 [26:25<00:00,  4.75s/it]                                                                got GPU
cuda:0
Accuracy on benign test samples after adversarial training: 32.88%
Accuracy on original PGD adversarial samples after adversarial training: 31.29%
detect rate:  0
free(): invalid next size (fast)
